============================= test session starts ==============================
platform darwin -- Python 3.6.4, pytest-3.5.0, py-1.5.3, pluggy-0.6.0
rootdir: /Users/patarapolw/PycharmProjects/CJKrelate, inifile: pytest.ini
collected 6 items

test/test_chinese.py Started: Related.__init__
Finished: Related.__init__ in: 0.6989 seconds
Started: Related.similar_merged
['好', '要', '子', '如', '她', '学', '安', '女', '始', '字', '委', '李', '孩', '威', '妈', '姐', '妇', '娘', '婚', '姑', '孙', '姓', '妹', '姆', '妙', '妻', '奴', '奶', '厚', '享', '孔', '婆', '季', '孤', '媒', '仔', '奸', '娜', '孟', '妖', '妨', '娃', '嫌', '妥', '姿', '嫁', '姻', '姊', '娇', '妮', '嫂', '孕', '婴', '妄', '孝', '姨', '妃', '姚', '耍', '娱', '媚', '媳', '姜', '娟', '娶', '嫩', '姬', '妒', '汝', '妓', '嫉', '妆', '婉', '姥', '娅', '娥', '婶', '孽', '妞', '婢', '妊', '婿', '嫦', '婪', '娴', '孜', '妾', '籽', '嬉', '嫖', '嫣', '孚', '娼', '娠', '婷', '嫡', '妩', '姗', '媲', '婵', '娓', '嫔', '媛', '娩', '娄', '孺', '娲', '婊', '孢', '孪', '娑', '妫', '孀', '妍', '媾', '嬴', '婀', '姣', '孑', '妲', '娣', '妪', '囡', '嬗', '嬷', '姘', '孳', '婕', '媸']
Finished: Related.similar_merged in: 6.1091 seconds
Started: Related.similar
{'好': {'composition': ['好', '好', '要', '子', '如', '她', '学', '安', '女', '始', '字', '委', '李', '孩', '威', '妈', '姐', '妇', '娘', '婚', '姑', '孙', '姓', '妹', '姆', '妙', '妻', '奴', '奶', '厚', '享', '孔', '婆', '季', '孤', '媒', '仔', '奸', '娜', '孟', '妖', '妨', '娃', '嫌', '妥', '姿', '嫁', '姻', '姊', '娇', '妮', '嫂', '孕', '婴', '妄', '孝', '姨', '妃', '姚', '耍', '娱', '媚', '媳', '姜', '娟', '娶', '嫩', '姬', '妒', '汝', '妓', '嫉', '妆', '婉', '姥', '娅', '娥', '婶', '孽', '妞', '婢', '妊', '婿', '嫦', '婪', '娴', '孜', '妾', '籽', '嬉', '嫖', '嫣', '孚', '娼', '娠', '婷', '嫡', '妩', '姗', '媲', '婵', '娓', '嫔', '媛', '娩', '娄', '孺', '娲', '婊', '孢', '孪', '娑', '妫', '孀', '妍', '媾', '嬴', '婀', '姣', '孑', '妲', '娣', '妪', '囡', '嬗', '嬷', '姘', '孳', '婕', '媸']}}
Finished: Related.similar in: 6.3392 seconds
.Started: RelatedHuman.__init__
Finished: RelatedHuman.__init__ in: 1.5475 seconds
Started: RelatedHuman.get
Finished: RelatedHuman.get in: 0.0000 seconds
.Started: Sort.__init__
Finished: Sort.__init__ in: 0.0461 seconds
Started: Sort.details
[(0, 0.0, {'junda': 82}, '好'), (10.268571827843063, 120.75937017006575, {'junda': 26}, '要'), (10.550861457998964, 126.50420877863976, {'junda': 37}, '子'), (10.815810921466692, 115.56815333177272, {'junda': 67}, '如'), (10.912057371538584, 131.55838027033792, {'junda': 66}, '学'), (11.765768545397798, 121.9179192418328, {'junda': 232}, '安'), (11.8133610652043, 129.24102015352008, {'junda': 224}, '女'), (12.182982830679348, 114.11446714988956, {'junda': 381}, '始'), (12.367412362110457, 131.43422247919176, {'junda': 393}, '字'), (12.521673882071745, 127.91269451995309, {'junda': 457}, '委'), (12.842853267594679, 126.13834059373833, {'junda': 622}, '威'), (13.288252224060912, 116.74236315424966, {'junda': 881}, '娘'), (13.384815483881557, 116.26878065430424, {'junda': 942}, '婚'), (13.603076550294992, 94.95476512189812, {'junda': 1185}, '妹'), (13.747480320009938, 97.35608071205878, {'junda': 1250}, '妙'), (13.754610949305734, 130.54414900220414, {'junda': 1076}, '妻'), (13.934957667157692, 92.6928956459221, {'junda': 1402}, '奴'), (13.95702746613637, 122.78432441716917, {'junda': 1235}, '厚'), (14.11197143852711, 133.53998072342569, {'junda': 1279}, '季'), (14.783906479302852, 119.06600771651155, {'junda': 1826}, '嫌'), (14.927202692340062, 127.10646667643525, {'junda': 1899}, '姿'), (15.258266895681489, 133.68247406061778, {'junda': 2116}, '孝'), (16.787758708776405, 119.43338134979334, {'junda': 3375}, '嬉')]
Finished: Sort.details in: 0.0726 seconds
Started: Sort.rate
{'good': [('好', 0), ('要', 10.268571827843063), ('子', 10.550861457998964), ('如', 10.815810921466692), ('安', 11.765768545397798), ('女', 11.8133610652043), ('始', 12.182982830679348), ('委', 12.521673882071745), ('威', 12.842853267594679)], 'poor': {'overall': [('娘', 13.288252224060912), ('婚', 13.384815483881557), ('妹', 13.603076550294992), ('妙', 13.747480320009938), ('奴', 13.934957667157692), ('厚', 13.95702746613637), ('嫌', 14.783906479302852), ('姿', 14.927202692340062), ('嬉', 16.787758708776405)], 'visual': [('学', 131.55838027033792), ('字', 131.43422247919176), ('妻', 130.54414900220414), ('季', 133.53998072342569), ('孝', 133.68247406061778)], 'frequency': []}}
Finished: Sort.rate in: 0.0735 seconds
.                                                       
test/test_japanese.py Started: Related.__init__
Finished: Related.__init__ in: 0.7170 seconds
Started: Related.similar_merged
['好', '子', '学', '女', '安', '要', '始', '字', '委', '嫌', '姿', '如', '季', '娘', '婦', '奴', '婚', '嬉', '妻', '姉', '妙', '妹', '厚', '姫', '威', '姓', '妖', '孫', '孝', '婆', '嫁', '學', '妊', '嬢', '媛', '李', '孤', '妨', '孔', '汝', '妾', '妃', '妬', '妥', '妄', '妓', '享', '媒', '娠', '嫉', '仔', '姪', '娯', '婿', '姑', '媚', '姐', '姦', '嬌', '婢', '姜', '嫡', '姻', '奸', '嫂', '娼', '孟', '姥', '嬰', '孕', '媼', '娶', '姶', '婁', '孃', '嬪', '娑', '嬬', '娥', '娜', '娩', '姙', '婉', '嬶', '媽', '姨', '嫩', '姚', '妁', '婬', '嫗', '嬲', '妍', '嫋', '媾', '孚', '婪', '孜', '姆', '婀', '嫣', '娃', '孺', '孑', '娟', '孩', '妲', '妣', '娵', '嫦', '嫖', '婷', '嫮', '她', '嬴', '娚', '妮', '妝', '奶', '媧', '姬', '婕', '孙', '妆']
Finished: Related.similar_merged in: 15.0047 seconds
Started: Related.similar
{'好': {'composition': ['好', '好', '子', '学', '女', '安', '要', '始', '字', '委', '嫌', '姿', '如', '季', '娘', '婦', '奴', '婚', '嬉', '妻', '姉', '妙', '妹', '厚', '姫', '威', '姓', '妖', '孫', '孝', '婆', '嫁', '學', '妊', '嬢', '媛', '李', '孤', '妨', '孔', '汝', '妾', '妃', '妬', '妥', '妄', '妓', '享', '媒', '娠', '嫉', '仔', '姪', '娯', '婿', '姑', '媚', '姐', '姦', '嬌', '婢', '姜', '嫡', '姻', '奸', '嫂', '娼', '孟', '姥', '嬰', '孕', '媼', '娶', '姶', '婁', '孃', '嬪', '娑', '嬬', '娥', '娜', '娩', '姙', '婉', '嬶', '媽', '姨', '嫩', '姚', '妁', '婬', '嫗', '嬲', '妍', '嫋', '媾', '孚', '婪', '孜', '姆', '婀', '嫣', '娃', '孺', '孑', '娟', '孩', '妲', '妣', '娵', '嫦', '嫖', '婷', '嫮', '她', '嬴', '娚', '妮', '妝', '奶', '媧', '姬', '婕', '孙', '妆']}}
Finished: Related.similar in: 14.4644 seconds
.Started: RelatedHuman.__init__
Finished: RelatedHuman.__init__ in: 1.5713 seconds
Started: RelatedHuman.get
Finished: RelatedHuman.get in: 0.0000 seconds
.Started: Sort.__init__
Finished: Sort.__init__ in: 0.1023 seconds
Started: Sort.details
[(0, 0.0, {'aozora': 192, 'news': 545, 'twitter': 53, 'wikipedia': 592}, '好'), (10.211717329370535, 128.15056165157023, {'aozora': 8, 'news': 28, 'twitter': 35, 'wikipedia': 28}, '子'), (10.34170243194911, 127.97565292638863, {'aozora': 49, 'news': 83, 'twitter': 40, 'wikipedia': 6}, '学'), (10.72372255338027, 129.14780229918617, {'aozora': 26, 'news': 86, 'twitter': 82, 'wikipedia': 115}, '女'), (11.238138846317552, 121.137831388664, {'aozora': 244, 'news': 53, 'twitter': 170, 'wikipedia': 291}, '安'), (11.507681834716664, 117.43154354497278, {'aozora': 239, 'news': 163, 'twitter': 426, 'wikipedia': 141}, '要'), (11.613180770070548, 105.32486916448616, {'aozora': 292, 'news': 249, 'twitter': 224, 'wikipedia': 302}, '始'), (12.240271307954242, 133.62240612769565, {'aozora': 205, 'news': 699, 'twitter': 543, 'wikipedia': 321}, '字'), (12.581788365076479, 123.22871732755132, {'aozora': 1558, 'news': 240, 'twitter': 1314, 'wikipedia': 549}, '委'), (12.59887090655197, 115.88144804065921, {'aozora': 719, 'news': 1308, 'twitter': 214, 'wikipedia': 1303}, '嫌'), (12.651049170989376, 124.82790605081965, {'aozora': 285, 'news': 565, 'twitter': 910, 'wikipedia': 869}, '姿'), (12.87161401161539, 113.05941344152612, {'aozora': 221, 'news': 1988, 'twitter': 1450, 'wikipedia': 1298}, '如'), (12.874042034243063, 129.4319985863794, {'aozora': 1428, 'news': 320, 'twitter': 925, 'wikipedia': 837}, '季'), (12.87484514578497, 111.48647249055419, {'aozora': 331, 'news': 1319, 'twitter': 887, 'wikipedia': 849}, '娘'), (12.919815379272663, 107.46421009625904, {'aozora': 342, 'news': 933, 'twitter': 1137, 'wikipedia': 1093}, '婦'), (12.935072639700898, 99.02458638983259, {'aozora': 476, 'news': 1976, 'twitter': 536, 'wikipedia': 1453}, '奴'), (12.942909980413415, 107.37544772522976, {'aozora': 740, 'news': 936, 'twitter': 631, 'wikipedia': 772}, '婚'), (12.961798288144722, 115.29965727504108, {'aozora': 1143, 'news': 2524, 'twitter': 266, 'wikipedia': 2391}, '嬉'), (13.066984352807157, 130.60522392358214, {'aozora': 428, 'news': 742, 'twitter': 1342, 'wikipedia': 806}, '妻'), (13.09464380659375, 99.19888949690593, {'aozora': 709, 'news': 1482, 'twitter': 622, 'wikipedia': 1037}, '姉'), (13.169257038396644, 95.45794209848346, {'aozora': 518, 'news': 1439, 'twitter': 1002, 'wikipedia': 1288}, '妙'), (13.1931848429911, 87.56822225206525, {'aozora': 847, 'news': 1494, 'twitter': 805, 'wikipedia': 1001}, '妹'), (13.317030574212437, 115.61990703691907, {'aozora': 1218, 'news': 688, 'twitter': 909, 'wikipedia': 1069}, '厚'), (13.332401387135082, 101.55630410381133, {'aozora': 1028, 'news': 1369, 'twitter': 779, 'wikipedia': 914}, '姫'), (14.021549244649904, 122.68224626402589, {'aozora': 970, 'news': 1231, 'twitter': 1602, 'wikipedia': 1291}, '威'), (14.070047431872087, 96.00096437687657, {'aozora': 984, 'news': 2048, 'twitter': 2451, 'wikipedia': 1250}, '姓'), (14.125665305732905, 84.04954951808813, {'aozora': 1702, 'news': 1661, 'twitter': 1383, 'wikipedia': 1275}, '妖'), (14.137635289761382, 127.474316198686, {'aozora': 1181, 'news': 1442, 'twitter': 1487, 'wikipedia': 1088}, '孫'), (14.190609007643832, 134.0033437233275, {'aozora': 1439, 'news': 1303, 'twitter': 1520, 'wikipedia': 1000}, '孝')]
Finished: Sort.details in: 0.1791 seconds
Started: Sort.rate
{'good': [('好', 0), ('子', 10.211717329370535), ('学', 10.34170243194911), ('女', 10.72372255338027), ('安', 11.238138846317552), ('要', 11.507681834716664), ('始', 11.613180770070548), ('委', 12.581788365076479), ('嫌', 12.59887090655197), ('姿', 12.651049170989376), ('如', 12.87161401161539), ('季', 12.874042034243063), ('娘', 12.87484514578497), ('婦', 12.919815379272663), ('奴', 12.935072639700898), ('婚', 12.942909980413415), ('嬉', 12.961798288144722)], 'poor': {'overall': [('姉', 13.09464380659375), ('妙', 13.169257038396644), ('妹', 13.1931848429911), ('厚', 13.317030574212437), ('姫', 13.332401387135082), ('威', 14.021549244649904), ('姓', 14.070047431872087), ('妖', 14.125665305732905), ('孫', 14.137635289761382)], 'visual': [('字', 133.62240612769565), ('妻', 130.60522392358214), ('孝', 134.0033437233275)], 'frequency': []}}
Finished: Sort.rate in: 0.1722 seconds
.

========================== 6 passed in 47.37 seconds ===========================
